
> webpage@2.0.0 test
> jest tests/unit/components/AuthScreen/parts/AuthLogin.spec.ts

node.exe : FAIL tests
/unit/components/Auth
Screen/parts/AuthLogi
n.spec.ts
위치 C:\Program Files\n
odejs\npm.ps1:29 문자:3
+   & $NODE_EXE 
$NPM_CLI_JS $args
+   ~~~~~~~~~~~~~~~~~
~~~~~~~~~~~~
    + CategoryInfo   
           : NotSpe  
  cified: (FAIL te   
 sts/unit...thLog    
in.spec.ts:Strin    
g) [], RemoteExc    
eption
    + FullyQualified 
   ErrorId : Native  
  CommandError
 
  ??Test suite 
failed to run

    Jest encountered 
an unexpected token

    Jest failed to 
parse a file. This 
happens e.g. when 
your code or its 
dependencies use 
non-standard 
JavaScript syntax, 
or when Jest is not 
configured to 
support such syntax.

    Out of the box 
Jest supports Babel, 
which will be used 
to transform your 
files into valid JS 
based on your Babel 
configuration.

    By default 
"node_modules" 
folder is ignored by 
transformers.

    Here's what you 
can do:
     ??If you are 
trying to use 
ECMAScript Modules, 
see https://jestjs.io
/docs/ecmascript-modu
les for how to 
enable it.
     ??If you are 
trying to use 
TypeScript, see https
://jestjs.io/docs/get
ting-started#using-ty
pescript
     ??To have some 
of your 
"node_modules" files 
transformed, you can 
specify a custom "tra
nsformIgnorePatterns"
 in your config.
     ??If you need a 
custom 
transformation, 
specify a 
"transform" option 
in your config.
     ??If you simply 
want to mock your 
non-JS modules (e.g. 
binary assets) you 
can stub them out 
with the 
"moduleNameMapper" 
config option.

    You'll find more 
details and examples 
of these config 
options in the docs:
    https://jestjs.io
/docs/configuration
    For information 
about custom 
transformations, see:
    https://jestjs.io
/docs/code-transforma
tion

    Details:

    C:\Users\46464\On
eDrive\諛뷀깢 
?붾㈃\DEV\湲고? ?뚯씪\?덈갑\w
ebpage_office\src\com
ponents\AuthScreen\pa
rts\AuthLogin.vue:1
    <template>
    ^

    SyntaxError: 
Unexpected token '<'

    [0m [90m  5 
|[39m
     [90m  6 |[39m 
[36mimport[39m { 
mount } 
[36mfrom[39m [32m'
@vue/test-utils'[39m
[33m;[39m
    [31m[1m>[22m[
39m[90m  7 |[39m 
[36mimport[39m 
[33mAuthLogin[39m 
[36mfrom[39m [32m'
@/components/AuthScre
en/parts/AuthLogin.vu
e'[39m[33m;[39m
     [90m    |[39m 
[31m[1m^[22m[39m
     [90m  8 |[39m
     [90m  9 |[39m 
[90m// Mock 
i18n[39m
     [90m 10 |[39m 
[36mconst[39m 
mockT [33m=[39m jes
t[33m.[39mfn((key) 
[33m=>[39m 
key)[33m;[39m[0m

      at Runtime.crea
teScriptFromCode (nod
e_modules/jest-runtim
e/build/index.js:1314
:40)
      at 
Object.<anonymous> (t
ests/unit/components/
AuthScreen/parts/Auth
Login.spec.ts:7:1)

Test Suites: 1 
failed, 1 total
Tests:       0 total
Snapshots:   0 total
Time:        3.107 s
Ran all test suites 
matching tests/unit/c
omponents/AuthScreen/
parts/AuthLogin.spec.
ts.
